<html>
<body>
<pre>
<h1>µVision Build Log</h1>
<h2>Tool Versions:</h2>
IDE-Version: µVision V5.37.0.0
Copyright (C) 2022 ARM Ltd and ARM Germany GmbH. All rights reserved.
License Information: Luca Coratu, ATM, LIC=----
 
Tool Versions:
Toolchain:       MDK-Lite  Version: 5.37.0.0
Toolchain Path:  D:\Microprocesoare\ARM\ARMCLANG\Bin
C Compiler:      ArmClang.exe V6.18
Assembler:       Armasm.exe V6.18
Linker/Locator:  ArmLink.exe V6.18
Library Manager: ArmAr.exe V6.18
Hex Converter:   FromElf.exe V6.18
CPU DLL:         SARMCM3.DLL V5.37.0.0
Dialog DLL:      DARMCM1.DLL V1.19.6.0
Target DLL:      CMSIS_AGDI.dll V1.33.12.0
Dialog DLL:      TARMCM1.DLL V1.14.6.0
 
<h2>Project:</h2>
D:\Cursuri\Anul 4\Sem1\Microprocesoare\Proiect\Microprocesoare\proiect_micro.uvprojx
Project File Date:  11/15/2022

<h2>Output:</h2>
*** Using Compiler 'V6.18', folder: 'D:\Microprocesoare\ARM\ARMCLANG\Bin'
Rebuild target 'Target 1'
compiling system_MKL25Z4.c...
assembling startup_MKL25Z4.s...
main.c(2): warning: In file included from...
./gpio.h(8): warning: // comments are not allowed in this language [-Wcomment]
#define Segment_d (3) // port B - pinii 0-3
                      ^
main.c(3): warning: In file included from...
./Uart.h(3): warning: // comments are not allowed in this language [-Wcomment]
void UART0_Transmit(uint8_t data); // Functie folostia pentru a trimite un octet catre interfata UART
                                   ^
./Uart.h(5): warning: no newline at end of file [-Wnewline-eof]
void UART0_Init(uint32_t baud_rate); // Initializare a modulului UART pentru trasmiterea datelor, ce primeste ca parametru baud rate-ul dorit
                                                                                                                                             ^
3 warnings generated.
compiling main.c...
Uart.c(1): warning: In file included from...
./Uart.h(3): warning: // comments are not allowed in this language [-Wcomment]
void UART0_Transmit(uint8_t data); // Functie folostia pentru a trimite un octet catre interfata UART
                                   ^
./Uart.h(5): warning: no newline at end of file [-Wnewline-eof]
void UART0_Init(uint32_t baud_rate); // Initializare a modulului UART pentru trasmiterea datelor, ce primeste ca parametru baud rate-ul dorit
                                                                                                                                             ^
Uart.c(5): warning: // comments are not allowed in this language [-Wcomment]
        //Punem in asteptare pana cand registrul de transmisie a datelor nu este gol
        ^
Uart.c(6): warning: while loop has empty body [-Wempty-body]
        while(!(UART0->S1 & UART0_S1_TDRE_MASK));
                                                ^
Uart.c(6): note: put the semicolon on a separate line to silence this warning
Uart.c(14): warning: while loop has empty body [-Wempty-body]
        while(!(UART0->S1 & UART0_S1_RDRF_MASK));
                                                ^
Uart.c(14): note: put the semicolon on a separate line to silence this warning
Uart.c(72): warning: no newline at end of file [-Wnewline-eof]
}
 ^
Uart.c(44): warning: mixing declarations and code is a C99 extension [-Wdeclaration-after-statement]
        uint32_t osr = 15; // Over-Sampling Rate (numarul de esantioane luate per bit-time)
                 ^
7 warnings generated.
compiling Uart.c...
gpio.c(1): warning: In file included from...
./gpio.h(8): warning: // comments are not allowed in this language [-Wcomment]
#define Segment_d (3) // port B - pinii 0-3
                      ^
gpio.c(2): warning: In file included from...
./Uart.h(3): warning: // comments are not allowed in this language [-Wcomment]
void UART0_Transmit(uint8_t data); // Functie folostia pentru a trimite un octet catre interfata UART
                                   ^
./Uart.h(5): warning: no newline at end of file [-Wnewline-eof]
void UART0_Init(uint32_t baud_rate); // Initializare a modulului UART pentru trasmiterea datelor, ce primeste ca parametru baud rate-ul dorit
                                                                                                                                             ^
gpio.c(3): warning: // comments are not allowed in this language [-Wcomment]
#define SWITCH_PIN (12) // PORT A
                        ^
gpio.c(6): warning: no previous extern declaration for non-static variable 'count' [-Wmissing-variable-declarations]
int8_t count = 0;
       ^
gpio.c(6): note: declare 'static' if the variable is not intended to be used outside of this translation unit
int8_t count = 0;
^
gpio.c(7): warning: no previous extern declaration for non-static variable 'reverse' [-Wmissing-variable-declarations]
uint8_t reverse = 0;
        ^
gpio.c(7): note: declare 'static' if the variable is not intended to be used outside of this translation unit
uint8_t reverse = 0;
^
gpio.c(203): warning: implicit conversion changes signedness: 'int8_t' (aka 'signed char') to 'uint8_t' (aka 'unsigned char') [-Wsign-conversion]
        UART0_Transmit(count);
        ~~~~~~~~~~~~~~ ^~~~~
7 warnings generated.
compiling gpio.c...
linking...
Program Size: Code=2284 RO-data=208 RW-data=0 ZI-data=360  
".\Objects\proiect_micro.axf" - 0 Error(s), 17 Warning(s).

<h2>Software Packages used:</h2>

Package Vendor: ARM
                http://www.keil.com/pack/ARM.CMSIS.5.9.0.pack
                ARM.CMSIS.5.9.0
                CMSIS (Common Microcontroller Software Interface Standard)
   * Component: CORE Version: 5.6.0

Package Vendor: Keil
                http://www.keil.com/pack/Keil.Kinetis_KLxx_DFP.1.15.0.pack
                Keil.Kinetis_KLxx_DFP.1.15.0
                NXP Kinetis KLxx Series Device Support and Examples
   * Component: Startup Version: 2.5.0

<h2>Collection of Component include folders:</h2>
  ./RTE/Device/MKL25Z128xxx4
  ./RTE/_Target_1
  D:/Microprocesoare/ARM/CMSIS/5.9.0/CMSIS/Core/Include
  D:/Microprocesoare/Keil/Kinetis_KLxx_DFP/1.15.0/Device/Include

<h2>Collection of Component Files used:</h2>

   * Component: ARM::CMSIS:CORE:5.6.0

   * Component: Keil::Device:Startup:2.5.0
      Include file:  Device/Source/system_MKL25Z4.h
      Source file:   Device/Source/system_MKL25Z4.c
      Source file:   Device/Source/ARM/startup_MKL25Z4.s
Build Time Elapsed:  00:00:01
</pre>
</body>
</html>
